
          /\      |‾‾| /‾‾/   /‾‾/   
     /\  /  \     |  |/  /   /  /    
    /  \/    \    |     (   /   ‾‾\  
   /          \   |  |\  \ |  (‾)  | 
  / __________ \  |__| \__\ \_____/ .io

     execution: local
        script: tests/performance/load.test.js
        output: -

     scenarios: (100.00%) 1 scenario, 15 max VUs, 1m10s max duration (incl. graceful stop):
              * default: Up to 15 looping VUs for 40s over 3 stages (gracefulRampDown: 30s, gracefulStop: 30s)


running (0m01.0s), 01/15 VUs, 0 complete and 0 interrupted iterations
default   [   2% ] 01/15 VUs  01.0s/40.0s

running (0m02.0s), 01/15 VUs, 1 complete and 0 interrupted iterations
default   [   5% ] 01/15 VUs  02.0s/40.0s

running (0m03.0s), 02/15 VUs, 1 complete and 0 interrupted iterations
default   [   7% ] 02/15 VUs  03.0s/40.0s

running (0m04.0s), 02/15 VUs, 2 complete and 0 interrupted iterations
default   [  10% ] 02/15 VUs  04.0s/40.0s

running (0m05.0s), 02/15 VUs, 4 complete and 0 interrupted iterations
default   [  12% ] 02/15 VUs  05.0s/40.0s

running (0m06.0s), 03/15 VUs, 5 complete and 0 interrupted iterations
default   [  15% ] 03/15 VUs  06.0s/40.0s

running (0m07.0s), 03/15 VUs, 7 complete and 0 interrupted iterations
default   [  17% ] 03/15 VUs  07.0s/40.0s

running (0m08.0s), 04/15 VUs, 9 complete and 0 interrupted iterations
default   [  20% ] 04/15 VUs  08.0s/40.0s

running (0m09.0s), 04/15 VUs, 11 complete and 0 interrupted iterations
default   [  22% ] 04/15 VUs  09.0s/40.0s

running (0m10.0s), 04/15 VUs, 14 complete and 0 interrupted iterations
default   [  25% ] 04/15 VUs  10.0s/40.0s

running (0m11.0s), 05/15 VUs, 17 complete and 0 interrupted iterations
default   [  27% ] 05/15 VUs  11.0s/40.0s

running (0m12.0s), 05/15 VUs, 20 complete and 0 interrupted iterations
default   [  30% ] 05/15 VUs  12.0s/40.0s

running (0m13.0s), 06/15 VUs, 23 complete and 0 interrupted iterations
default   [  32% ] 06/15 VUs  13.0s/40.0s

running (0m14.0s), 06/15 VUs, 28 complete and 0 interrupted iterations
default   [  35% ] 06/15 VUs  14.0s/40.0s

running (0m15.0s), 07/15 VUs, 31 complete and 0 interrupted iterations
default   [  37% ] 07/15 VUs  15.0s/40.0s

running (0m16.0s), 07/15 VUs, 36 complete and 0 interrupted iterations
default   [  40% ] 07/15 VUs  16.0s/40.0s

running (0m17.0s), 08/15 VUs, 41 complete and 0 interrupted iterations
default   [  42% ] 08/15 VUs  17.0s/40.0s

running (0m18.0s), 08/15 VUs, 46 complete and 0 interrupted iterations
default   [  45% ] 08/15 VUs  18.0s/40.0s

running (0m19.0s), 09/15 VUs, 51 complete and 0 interrupted iterations
default   [  47% ] 09/15 VUs  19.0s/40.0s

running (0m20.0s), 09/15 VUs, 58 complete and 0 interrupted iterations
default   [  50% ] 09/15 VUs  20.0s/40.0s

running (0m21.0s), 10/15 VUs, 63 complete and 0 interrupted iterations
default   [  52% ] 10/15 VUs  21.0s/40.0s

running (0m22.0s), 10/15 VUs, 70 complete and 0 interrupted iterations
default   [  55% ] 10/15 VUs  22.0s/40.0s

running (0m23.0s), 11/15 VUs, 77 complete and 0 interrupted iterations
default   [  57% ] 11/15 VUs  23.0s/40.0s

running (0m24.0s), 11/15 VUs, 84 complete and 0 interrupted iterations
default   [  60% ] 11/15 VUs  24.0s/40.0s

running (0m25.0s), 12/15 VUs, 91 complete and 0 interrupted iterations
default   [  62% ] 12/15 VUs  25.0s/40.0s

running (0m26.0s), 12/15 VUs, 100 complete and 0 interrupted iterations
default   [  65% ] 12/15 VUs  26.0s/40.0s

running (0m27.0s), 13/15 VUs, 107 complete and 0 interrupted iterations
default   [  67% ] 13/15 VUs  27.0s/40.0s

running (0m28.0s), 13/15 VUs, 116 complete and 0 interrupted iterations
default   [  70% ] 13/15 VUs  28.0s/40.0s

running (0m29.0s), 14/15 VUs, 125 complete and 0 interrupted iterations
default   [  72% ] 14/15 VUs  29.0s/40.0s

running (0m30.0s), 14/15 VUs, 134 complete and 0 interrupted iterations
default   [  75% ] 14/15 VUs  30.0s/40.0s

running (0m31.0s), 15/15 VUs, 143 complete and 0 interrupted iterations
default   [  77% ] 15/15 VUs  31.0s/40.0s

running (0m32.0s), 14/15 VUs, 154 complete and 0 interrupted iterations
default   [  80% ] 14/15 VUs  32.0s/40.0s

running (0m33.0s), 12/15 VUs, 163 complete and 0 interrupted iterations
default   [  82% ] 12/15 VUs  33.0s/40.0s

running (0m34.0s), 11/15 VUs, 171 complete and 0 interrupted iterations
default   [  85% ] 11/15 VUs  34.0s/40.0s

running (0m35.0s), 10/15 VUs, 179 complete and 0 interrupted iterations
default   [  87% ] 10/15 VUs  35.0s/40.0s

running (0m36.0s), 08/15 VUs, 185 complete and 0 interrupted iterations
default   [  90% ] 08/15 VUs  36.0s/40.0s

running (0m37.0s), 06/15 VUs, 191 complete and 0 interrupted iterations
default   [  92% ] 06/15 VUs  37.0s/40.0s

running (0m38.0s), 05/15 VUs, 196 complete and 0 interrupted iterations
default   [  95% ] 05/15 VUs  38.0s/40.0s

running (0m39.0s), 04/15 VUs, 199 complete and 0 interrupted iterations
default   [  97% ] 04/15 VUs  39.0s/40.0s

running (0m40.0s), 02/15 VUs, 202 complete and 0 interrupted iterations
default   [ 100% ] 02/15 VUs  40.0s/40.0s
time="2026-08-12T00:39:43Z" level=info msg="[k6-reporter v3.0.4] Generating HTML summary report, with theme: default" source=console

running (0m40.6s), 00/15 VUs, 204 complete and 0 interrupted iterations
default ✓ [ 100% ] 00/15 VUs  40s
